// Jest Snapshot v1, https://goo.gl/fbAQLP

exports[`ScrollingText should have default state 1`] = `
Object {
  "film": 0,
}
`;

exports[`ScrollingText should match the snapshot 1`] = `
<aside
  className="ScrollingText"
>
  <div
    className="fade"
  />
  <div
    className="scrolling-wrapper"
    onAnimationIteration={[Function]}
  >
    <p
      className="opening-crawl"
    >
      This is opening crawl 1
    </p>
    <h2
      className="title"
    >
      Star Wars 1
    </h2>
    <h3
      className="release-date"
    >
      1977
    </h3>
  </div>
</aside>
`;
