// Jest Snapshot v1, https://goo.gl/fbAQLP

exports[`Header should match the snapshot 1`] = `
<header
  className="Header"
>
  <div
    className="upper-header"
  >
    <div />
    <h1
      className="header-title"
    >
      SWApi-Box
    </h1>
    <Button
      currentDisplay="default"
      favorites={Array []}
      handleNavClick={[MockFunction]}
      isActive={false}
      label="Favorites"
    />
  </div>
  <nav>
    <Button
      currentDisplay="default"
      handleNavClick={[MockFunction]}
      isActive={false}
      label="People"
    />
    <Button
      currentDisplay="default"
      handleNavClick={[MockFunction]}
      isActive={false}
      label="Planets"
    />
    <Button
      currentDisplay="default"
      handleNavClick={[MockFunction]}
      isActive={false}
      label="Vehicles"
    />
  </nav>
</header>
`;
