// Jest Snapshot v1, https://goo.gl/fbAQLP

exports[`App matches the snapshot 1`] = `
<div
  className="loading"
/>
`;

exports[`App should have a default state 1`] = `
Object {
  "Favorites": Array [],
  "People": Array [],
  "allFilms": Array [],
  "currentDisplay": "default",
  "default": Array [],
  "isLoading": true,
}
`;

exports[`App should render the app if not Loading 1`] = `
<div
  className="App"
>
  <ScrollingText
    allFilms={Array []}
  />
  <Header
    currentDisplay="default"
    favorites={0}
    handleNavClick={[Function]}
  />
  <CardContainer
    cardContents={Array []}
    currentDisplay="default"
  />
</div>
`;
