// Jest Snapshot v1, https://goo.gl/fbAQLP

exports[`App matches the snapshot 1`] = `
<div
  className="loading"
/>
`;

exports[`App should have a default state 1`] = `
Object {
  "allFilms": Array [],
  "currentDisplay": "default",
  "default": Array [],
  "favorites": Array [],
  "isLoading": true,
  "people": Array [],
}
`;

exports[`App should render the app if not Loading 1`] = `
<div
  className="App"
>
  <ScrollingText
    allFilms={Array []}
  />
  <Header
    favorites={Array []}
  />
  <CardContainer
    cardContents={Array []}
  />
</div>
`;
