// Jest Snapshot v1, https://goo.gl/fbAQLP

exports[`CardContainer should display the favorites default message if no favorites 1`] = `
<main
  className="CardContainer"
>
  <Route
    exact={true}
    path="/"
    render={[Function]}
  />
  <Route
    exact={true}
    path="/favorites"
    render={[Function]}
  />
  <Route
    exact={true}
    path="/people"
    render={[Function]}
  />
  <Route
    exact={true}
    path="/planets"
    render={[Function]}
  />
  <Route
    exact={true}
    path="/vehicles"
    render={[Function]}
  />
</main>
`;

exports[`CardContainer should match the snapshot 1`] = `
<main
  className="CardContainer"
>
  <Route
    exact={true}
    path="/"
    render={[Function]}
  />
  <Route
    exact={true}
    path="/favorites"
    render={[Function]}
  />
  <Route
    exact={true}
    path="/people"
    render={[Function]}
  />
  <Route
    exact={true}
    path="/planets"
    render={[Function]}
  />
  <Route
    exact={true}
    path="/vehicles"
    render={[Function]}
  />
</main>
`;

exports[`CardContainer should render cards when it gets contents 1`] = `
<BrowserRouter>
  <Router
    history={
      Object {
        "action": "POP",
        "block": [Function],
        "createHref": [Function],
        "go": [Function],
        "goBack": [Function],
        "goForward": [Function],
        "length": 1,
        "listen": [Function],
        "location": Object {
          "hash": "",
          "pathname": "/",
          "search": "",
          "state": undefined,
        },
        "push": [Function],
        "replace": [Function],
      }
    }
  >
    <CardContainer
      addFavorite={[MockFunction]}
      cardContents={
        Array [
          Object {
            "name": "Luke Skywalker",
          },
          Object {
            "name": "Leia Organa",
          },
          Object {
            "name": "R2-D2",
          },
        ]
      }
      currentDisplay="default"
      favorites={Array []}
      isActive={false}
      removeFavorite={[MockFunction]}
    >
      <main
        className="CardContainer"
      >
        <Route
          exact={true}
          path="/"
          render={[Function]}
        >
          <h2
            className="default"
          >
            Select a Category or Favorites
          </h2>
        </Route>
        <Route
          exact={true}
          path="/favorites"
          render={[Function]}
        />
        <Route
          exact={true}
          path="/people"
          render={[Function]}
        />
        <Route
          exact={true}
          path="/planets"
          render={[Function]}
        />
        <Route
          exact={true}
          path="/vehicles"
          render={[Function]}
        />
      </main>
    </CardContainer>
  </Router>
</BrowserRouter>
`;
